C:\Users\g.bujon\Desktop\MediLaboSolutions\patient-service\src\main\java\com\medilabosolutions\patient_service\model\Patient.java
C:\Users\g.bujon\Desktop\MediLaboSolutions\patient-service\src\main\java\com\medilabosolutions\patient_service\repository\PatientRepository.java
C:\Users\g.bujon\Desktop\MediLaboSolutions\patient-service\src\main\java\com\medilabosolutions\patient_service\service\PatientService.java
C:\Users\g.bujon\Desktop\MediLaboSolutions\patient-service\src\main\java\com\medilabosolutions\patient_service\controller\PatientController.java
C:\Users\g.bujon\Desktop\MediLaboSolutions\patient-service\src\main\java\com\medilabosolutions\patient_service\dto\PatientDTO.java
C:\Users\g.bujon\Desktop\MediLaboSolutions\patient-service\src\main\java\com\medilabosolutions\patient_service\exception\GlobalExceptionHandler.java
C:\Users\g.bujon\Desktop\MediLaboSolutions\patient-service\src\main\java\com\medilabosolutions\patient_service\mapper\PatientMapper.java
C:\Users\g.bujon\Desktop\MediLaboSolutions\patient-service\src\main\java\com\medilabosolutions\patient_service\PatientServiceApplication.java
C:\Users\g.bujon\Desktop\MediLaboSolutions\patient-service\src\main\java\com\medilabosolutions\patient_service\config\JpaConfig.java
C:\Users\g.bujon\Desktop\MediLaboSolutions\patient-service\src\main\java\com\medilabosolutions\patient_service\dto\PatientCreateDTO.java
C:\Users\g.bujon\Desktop\MediLaboSolutions\patient-service\src\main\java\com\medilabosolutions\patient_service\exception\PatientNotFoundException.java
C:\Users\g.bujon\Desktop\MediLaboSolutions\patient-service\src\main\java\com\medilabosolutions\patient_service\dto\PatientUpdateDTO.java
